spawn ssh -o StrictHostKeyChecking=no -o UserKnownHostsFile=/dev/null root@10.10.156.87 bash /tmp/qfusion.sh --check
Warning: Permanently added '10.10.156.87' (ED25519) to the list of known hosts.

Authorized users only. All activities may be monitored and reported.
root@10.10.156.87's password: 

[0;32m[INFO][0m 开始执行所有检查项...

[0;34m[*][0m 检查YUM源配置...
[0;32m✓[0m YUM源: 配置正常
   \033[0;32m✓\033[0m 在线仓库: 可用
   仓库配置文件: 1 个

[0;34m[*][0m 检查硬件时间同步状态...
[0;32m✓[0m 硬件时间: 与系统时间同步
   系统时间: 2026-03-06 10:11:44
   硬件时间: 2026-03-06 10:11:44.731134+08:00

[0;34m[*][0m 检查网卡速率...
   p5p1: 10000Mb/s
[0;32m✓[0m 网卡速率: 符合要求

[0;34m[*][0m 检查DNS配置...
[0;31m✗[0m DNS配置: 当前DNS服务器不可达 (114.114.114.114 )

[0;34m[*][0m 检查网络服务...
[0;32m✓[0m 网络服务: 无需调整

[0;34m[*][0m 检查Swap分区...
[0;32m✓[0m Swap分区: 已关闭

[0;34m[*][0m 检查SELinux...
[0;32m✓[0m SELinux: 已禁用

[0;34m[*][0m 检查磁盘I/O调度算法...
   nvme0n1: none (正确)
   nvme1n1: none (正确)
   nvme5n1: none (正确)
   nvme3n1: none (正确)
   nvme2n1: none (正确)
   nvme4n1: none (正确)
[0;32m✓[0m I/O调度: 所有磁盘配置正确

[0;34m[*][0m 检查auditd服务...
[0;32m✓[0m Auditd: 已关闭

[0;34m[*][0m 检查主机名...
[0;32m✓[0m 主机名: rds004 (格式正确)

[0;34m[*][0m 检查必要软件包...
[0;32m[INFO][0m 开始检查各软件包安装状态...

  检查 conntrack (包名: conntrack-tools) ... [0;32m[已安装][0m
  检查 vim (包名: vim-enhanced) ... [0;32m[已安装][0m
  检查 tcpdump (包名: tcpdump) ... [0;32m[已安装][0m
  检查 iostat (包名: sysstat) ... [0;32m[已安装][0m
  检查 ifconfig (包名: net-tools) ... [0;32m[已安装][0m
  检查 nslookup (包名: bind-utils) ... [0;32m[已安装][0m
  检查 lsof (包名: lsof) ... [0;32m[已安装][0m
  检查 rsync (包名: rsync) ... [0;32m[已安装][0m

[0;32m✓[0m 软件包检查结果: 所有必要软件包已安装 (8/8)

[0;34m[*][0m 检查容器软件...
[0;32m✓[0m 容器软件: 未安装docker/podman

[0;34m[*][0m 检查/tmp目录权限...
[0;32m✓[0m /tmp权限: 正确 (1777)

[0;34m[*][0m 检查kubernetes目录...
[0;31m✗[0m Kubernetes目录: 不存在

[0;34m[*][0m 检查virbr0网卡...
[0;32m✓[0m virbr0网卡: 不存在

[0;34m[*][0m 检查CPU AVX指令集...
[0;32m✓[0m CPU AVX: 支持AVX指令集

[0;34m[*][0m 检查用户资源限制...
[0;31m✗[0m 用户限制: Oracle用户限制未配置

[0;34m[*][0m 检查nproc配置参数...
[0;31m✗[0m nproc配置: 需要调整配置

[0;34m[*][0m 可选配置RAID...
[0;32m[INFO][0m 跳过RAID配置（只检查模式）
[0;34m[*][0m 检查lsblk与/etc/fstab匹配...
[0;32m[INFO][0m lsblk与fstab匹配正常

[0;34m[*][0m 检查内核版本...
[0;32m[INFO][0m 当前内核版本: 4.19.90-89.26.v2401.ky10.x86_64
[0;32m[INFO][0m 操作系统: Kylin Linux Advanced Server release V10 (Halberd)
[0;32m[INFO][0m 麒麟系统无需升级内核

[0;34m[*][0m 检查IPv6状态...
[1;33m[WARN][0m IPv6已启用
[0;32m[INFO][0m QFusion安装时需要关闭IPv6
[0;32m[INFO][0m 麒麟系统如果IPv6配置正确可以保留，新版本已修复相关问题

[0;34m[*][0m 检查iptables状态...
[0;32m[INFO][0m iptables服务未运行

[0;34m[*][0m 检查kdump配置...
[0;32m[INFO][0m kdump参数已配置

[0;34m[*][0m 检查crashkernel内存配置...
[0;32m[INFO][0m crashkernel配置: 4096M
[0;32m[INFO][0m 完整配置: [    0.000000] Command line: BOOT_IMAGE=/vmlinuz-4.19.90-89.26.v2401.ky10.x86_64 root=UUID=4e8fd22f-794a-4124-8e11-0adce6e1b2a8 ro rd.md.uuid=aa69b9d4:95c24b63:8cd09d7c:de0a8da3 rd.md.uuid=2641a585:1401342c:0843c333:c5e8a3bb rhgb quiet crashkernel=4096M,high audit=0
[0;32m[INFO][0m 保留内存: Reserved 4096MB memory for crash kernel

[0;34m[*][0m 检查裸盘LVM挂载配置...
[0;32m[INFO][0m 使用LVM的磁盘数: 0
[0;32m[INFO][0m 裸盘数（含分区）: 6
[0;32m[INFO][0m 非LVM挂载的磁盘: 4
[1;33m[WARN][0m 存在非LVM挂载的磁盘
[0;32m[INFO][0m LVM挂载优点: 后期扩容方便
[0;32m[INFO][0m 裸盘挂载优点: 单盘故障影响范围小
[0;32m[INFO][0m 请与客户确认挂载方式

[0;34m[*][0m 检查麒麟系统bpf_jit参数...
[0;32m[INFO][0m 非ARM架构，跳过bpf_jit检查

[0;34m[*][0m 检查lsblk与/etc/fstab匹配...
[0;32m[INFO][0m lsblk与fstab匹配正常

[0;34m[*][0m 检查内核版本...
[0;32m[INFO][0m 当前内核版本: 4.19.90-89.26.v2401.ky10.x86_64
[0;32m[INFO][0m 操作系统: Kylin Linux Advanced Server release V10 (Halberd)
[0;32m[INFO][0m 麒麟系统无需升级内核

[0;34m[*][0m 检查IPv6状态...
[1;33m[WARN][0m IPv6已启用
[0;32m[INFO][0m QFusion安装时需要关闭IPv6
[0;32m[INFO][0m 麒麟系统如果IPv6配置正确可以保留，新版本已修复相关问题

[0;34m[*][0m 检查iptables状态...
[0;32m[INFO][0m iptables服务未运行

[0;34m[*][0m 检查kdump配置...
[0;32m[INFO][0m kdump参数已配置

[0;34m[*][0m 检查crashkernel内存配置...
[0;32m[INFO][0m crashkernel配置: 4096M
[0;32m[INFO][0m 完整配置: [    0.000000] Command line: BOOT_IMAGE=/vmlinuz-4.19.90-89.26.v2401.ky10.x86_64 root=UUID=4e8fd22f-794a-4124-8e11-0adce6e1b2a8 ro rd.md.uuid=aa69b9d4:95c24b63:8cd09d7c:de0a8da3 rd.md.uuid=2641a585:1401342c:0843c333:c5e8a3bb rhgb quiet crashkernel=4096M,high audit=0
[0;32m[INFO][0m 保留内存: Reserved 4096MB memory for crash kernel

[0;34m[*][0m 检查裸盘LVM挂载配置...
[0;32m[INFO][0m 使用LVM的磁盘数: 0
[0;32m[INFO][0m 裸盘数（含分区）: 6
[0;32m[INFO][0m 非LVM挂载的磁盘: 4
[1;33m[WARN][0m 存在非LVM挂载的磁盘
[0;32m[INFO][0m LVM挂载优点: 后期扩容方便
[0;32m[INFO][0m 裸盘挂载优点: 单盘故障影响范围小
[0;32m[INFO][0m 请与客户确认挂载方式

[0;34m[*][0m 检查麒麟系统bpf_jit参数...
[0;32m[INFO][0m 非ARM架构，跳过bpf_jit检查


==========================================
           检查汇总
==========================================
[0;32m[INFO][0m 所有检查项已完成
